#-----------------------------------------------------------
# Vivado v2023.2.2 (64-bit)
# SW Build 4126759 on Thu Feb  8 23:53:51 MST 2024
# IP Build 4126054 on Fri Feb  9 11:39:09 MST 2024
# SharedData Build 4115275 on Tue Jan 30 00:40:57 MST 2024
# Start of session at: Sun Apr 28 21:04:42 2024
# Process ID: 14328
# Current directory: C:/Users/User/Documents/studia/sem6/reconfigurable-systems/visual_track/rgb2ycbcr/rgb2ycbcr.runs/synth_1
# Command line: vivado.exe -log rgb2ycbcr.vds -product Vivado -mode batch -messageDb vivado.pb -notrace -source rgb2ycbcr.tcl
# Log file: C:/Users/User/Documents/studia/sem6/reconfigurable-systems/visual_track/rgb2ycbcr/rgb2ycbcr.runs/synth_1/rgb2ycbcr.vds
# Journal file: C:/Users/User/Documents/studia/sem6/reconfigurable-systems/visual_track/rgb2ycbcr/rgb2ycbcr.runs/synth_1\vivado.jou
# Running On: WINDELL-P5S529P, OS: Windows, CPU Frequency: 2419 MHz, CPU Physical cores: 24, Host memory: 34029 MB
#-----------------------------------------------------------
source rgb2ycbcr.tcl -notrace
