#-----------------------------------------------------------
# Vivado v2023.2.2 (64-bit)
# SW Build 4126759 on Thu Feb  8 23:53:51 MST 2024
# IP Build 4126054 on Fri Feb  9 11:39:09 MST 2024
# SharedData Build 4115275 on Tue Jan 30 00:40:57 MST 2024
# Start of session at: Tue Mar  5 11:44:39 2024
# Process ID: 8024
# Current directory: C:/Users/karol/Documents/studia/sem6/reconfigurable-systems/lab2/and_gate_cascade/and_gate_cascade.runs/synth_1
# Command line: vivado.exe -log cascade.vds -product Vivado -mode batch -messageDb vivado.pb -notrace -source cascade.tcl
# Log file: C:/Users/karol/Documents/studia/sem6/reconfigurable-systems/lab2/and_gate_cascade/and_gate_cascade.runs/synth_1/cascade.vds
# Journal file: C:/Users/karol/Documents/studia/sem6/reconfigurable-systems/lab2/and_gate_cascade/and_gate_cascade.runs/synth_1\vivado.jou
# Running On: LAPTOP-QPQJ1PK0, OS: Windows, CPU Frequency: 2096 MHz, CPU Physical cores: 8, Host memory: 6386 MB
#-----------------------------------------------------------
source cascade.tcl -notrace
