#-----------------------------------------------------------
# Vivado v2023.2.2 (64-bit)
# SW Build 4126759 on Thu Feb  8 23:53:51 MST 2024
# IP Build 4126054 on Fri Feb  9 11:39:09 MST 2024
# SharedData Build 4115275 on Tue Jan 30 00:40:57 MST 2024
# Start of session at: Sun Mar 24 20:41:20 2024
# Process ID: 7296
# Current directory: C:/Users/karol/Documents/studia/sem6/reconfigurable-systems/lab4/complex_module/complex_module.runs/adder2_synth_1
# Command line: vivado.exe -log adder2.vds -product Vivado -mode batch -messageDb vivado.pb -notrace -source adder2.tcl
# Log file: C:/Users/karol/Documents/studia/sem6/reconfigurable-systems/lab4/complex_module/complex_module.runs/adder2_synth_1/adder2.vds
# Journal file: C:/Users/karol/Documents/studia/sem6/reconfigurable-systems/lab4/complex_module/complex_module.runs/adder2_synth_1\vivado.jou
# Running On: LAPTOP-QPQJ1PK0, OS: Windows, CPU Frequency: 2096 MHz, CPU Physical cores: 8, Host memory: 6386 MB
#-----------------------------------------------------------
source adder2.tcl -notrace
