#-----------------------------------------------------------
# Vivado v2023.2.2 (64-bit)
# SW Build 4126759 on Thu Feb  8 23:53:51 MST 2024
# IP Build 4126054 on Fri Feb  9 11:39:09 MST 2024
# SharedData Build 4115275 on Tue Jan 30 00:40:57 MST 2024
# Start of session at: Mon May 20 09:55:34 2024
# Process ID: 5284
# Current directory: C:/Users/User/Documents/studia/sem6/reconfigurable-systems/visual_track/wip/wip.runs/adder11_8_synth_1
# Command line: vivado.exe -log adder11_8.vds -product Vivado -mode batch -messageDb vivado.pb -notrace -source adder11_8.tcl
# Log file: C:/Users/User/Documents/studia/sem6/reconfigurable-systems/visual_track/wip/wip.runs/adder11_8_synth_1/adder11_8.vds
# Journal file: C:/Users/User/Documents/studia/sem6/reconfigurable-systems/visual_track/wip/wip.runs/adder11_8_synth_1\vivado.jou
# Running On: WINDELL-P5S529P, OS: Windows, CPU Frequency: 2419 MHz, CPU Physical cores: 24, Host memory: 34029 MB
#-----------------------------------------------------------
source adder11_8.tcl -notrace
